Remote debugging using localhost:1234
0x0000000000001000 in ?? ()
pc             0x1000	0x1000
=> 0x1000:	auipc	t0,0x0
   0x1004:	addi	a2,t0,40
   0x1008:	csrr	a0,mhartid
   0x100c:	ld	a1,32(t0)
   0x1010:	ld	t0,24(t0)
   0x1014:	jr	t0
   0x1018:	unimp
   0x101a:	.insn	2, 0x8000
a0             0x0	0
a1             0x0	0
a2             0x0	0
t0             0x0	0
0x1018:	0x0000000080000000	0x0000000087e00000
0x0000000000001004 in ?? ()
pc             0x1004	0x1004
t0             0x1000	4096
0x0000000000001008 in ?? ()
pc             0x1008	0x1008
a2             0x1028	4136
0x000000000000100c in ?? ()
pc             0x100c	0x100c
a0             0x0	0
0x0000000000001010 in ?? ()
pc             0x1010	0x1010
a1             0x87e00000	2279604224
0x0000000000001014 in ?? ()
pc             0x1014	0x1014
t0             0x80000000	2147483648
0x0000000080000000 in ?? ()
pc             0x80000000	0x80000000
=> 0x80000000:	add	s0,a0,zero
   0x80000004:	add	s1,a1,zero
   0x80000008:	add	s2,a2,zero
   0x8000000c:	jal	0x80000580
   0x80000010:	add	a6,a0,zero
Hardware assisted breakpoint 1 at 0x80200000: file kern/init/entry.S, line 7.
Continuing.

Breakpoint 1, kern_entry () at kern/init/entry.S:7
7	    la sp, bootstacktop
pc             0x80200000	0x80200000 <kern_entry>
a0             0x0	0
a1             0x87e00000	2279604224
sp             0x80046eb0	0x80046eb0
=> 0x80200000 <kern_entry>:	auipc	sp,0x3
   0x80200004 <kern_entry+4>:	mv	sp,sp
   0x80200008 <kern_entry+8>:	j	0x8020000a <kern_init>
   0x8020000a <kern_init>:	auipc	a0,0x3
   0x8020000e <kern_init+4>:	addi	a0,a0,-2
   0x80200012 <kern_init+8>:	auipc	a2,0x3
mstatus        0x8000000a00006080	SD:1 VM:00 MXR:0 PUM:0 MPRV:0 XS:0 FS:3 MPP:0 HPP:0 SPP:0 MPIE:1 HPIE:0 SPIE:0 UPIE:0 MIE:0 HIE:0 SIE:0 UIE:0
mepc           0x80200000	2149580800
